# Missing configs (skipped / not yet complete): ['eps0_16k', 'calibrated_16k']


## Per-subtask scores (×100), dir=longbench_paper_20260418

subtask         | ε=04K d | c     | Δ     | crit | cal4K d | c     | Δ     | crit | ε=08K d | c     | Δ     | crit | cal8K d | c     | Δ     | crit
----------------+---------+-------+-------+------+---------+-------+-------+------+---------+-------+-------+------+---------+-------+-------+-----
narrativeqa     |  14.7   |  14.6 |  -0.1 | 0    |  14.7   |  15.8 |  +1.1 | 0    |  28.2   |  28.3 |  +0.2 | 0    |  28.2   |  28.5 |  +0.3 | 0   
qasper          |  18.3   |  18.7 |  +0.4 | 0    |  18.3   |  17.2 |  -1.1 | 1    |  15.4   |  14.0 |  -1.4 | 1    |  15.4   |  15.1 |  -0.3 | 0   
multifieldqa_en |  27.6   |  28.4 |  +0.8 | 1    |  27.6   |  26.8 |  -0.8 | 2    |  33.8   |  32.2 |  -1.6 | 1    |  33.8   |  33.9 |  +0.1 | 1   
hotpotqa        |  14.4   |  15.2 |  +0.8 | 0    |  14.4   |  14.0 |  -0.4 | 0    |   9.3   |  10.0 |  +0.7 | 0    |   9.3   |   9.2 |  -0.1 | 0   
2wikimqa        |  16.0   |  16.6 |  +0.7 | 0    |  16.0   |  15.7 |  -0.2 | 1    |  15.9   |  15.9 |  +0.0 | 0    |  15.9   |  16.4 |  +0.6 | 0   
gov_report      |  22.4   |  21.6 |  -0.8 | 1    |  22.4   |  22.5 |  +0.0 | 0    |  22.3   |  21.7 |  -0.5 | 0    |  22.3   |  22.5 |  +0.3 | 0   
qmsum           |  14.6   |  14.3 |  -0.3 | 0    |  14.6   |  15.4 |  +0.8 | 0    |  14.5   |  15.4 |  +0.9 | 0    |  14.5   |  15.6 |  +1.1 | 0   
multi_news      |   2.3   |   4.7 |  +2.5 | 0    |   2.3   |   4.9 |  +2.7 | 0    |   3.9   |   6.0 |  +2.1 | 0    |   3.9   |   6.8 |  +2.9 | 0   
trec            |  88.0   |  88.0 |  +0.0 | 0    |  88.0   |  88.0 |  +0.0 | 0    |  74.0   |  74.0 |  +0.0 | 0    |  74.0   |  74.0 |  +0.0 | 0   
triviaqa        |  93.0   |  93.0 |  +0.0 | 0    |  93.0   |  91.0 |  -2.0 | 1    |  92.3   |  93.9 |  +1.6 | 0    |  92.3   |  93.9 |  +1.6 | 0   
samsum          |  42.5   |  42.9 |  +0.4 | 0    |  42.5   |  42.0 |  -0.5 | 1    |  43.4   |  45.1 |  +1.8 | 0    |  43.4   |  43.3 |  -0.1 | 1   
lcc             |  64.7   |  67.0 |  +2.3 | 1    |  64.7   |  66.5 |  +1.8 | 1    |  73.5   |  73.3 |  -0.2 | 1    |  73.5   |  72.6 |  -0.9 | 1   
repobench-p     |  66.8   |  66.5 |  -0.3 | 0    |  66.8   |  65.7 |  -1.1 | 1    |  69.9   |  70.5 |  +0.6 | 0    |  69.9   |  70.3 |  +0.4 | 0   

## Category overall (unweighted mean across subtasks in category)

category      | ε=04K d | c     | Δ     | cal4K d | c     | Δ     | ε=08K d | c     | Δ     | cal8K d | c     | Δ    
--------------+---------+-------+-------+---------+-------+-------+---------+-------+-------+---------+-------+------
single_doc_qa |  20.2   |  20.6 |  +0.4 |  20.2   |  19.9 |  -0.3 |  25.8   |  24.9 |  -0.9 |  25.8   |  25.8 |  +0.0
multi_doc_qa  |  15.2   |  15.9 |  +0.7 |  15.2   |  14.9 |  -0.3 |  12.6   |  12.9 |  +0.4 |  12.6   |  12.8 |  +0.3
summarisation |  13.1   |  13.6 |  +0.5 |  13.1   |  14.3 |  +1.2 |  13.5   |  14.4 |  +0.8 |  13.5   |  15.0 |  +1.4
few_shot      |  74.5   |  74.6 |  +0.1 |  74.5   |  73.7 |  -0.8 |  69.9   |  71.0 |  +1.1 |  69.9   |  70.4 |  +0.5
code          |  65.7   |  66.7 |  +1.0 |  65.7   |  66.1 |  +0.3 |  71.7   |  71.9 |  +0.2 |  71.7   |  71.5 |  -0.2

## Overall (all subtasks pooled, sample-weighted)

config         | dense | cert  | Δ     | crit  | n  
---------------+-------+-------+-------+-------+----
eps0_4k        |  37.3 |  37.8 |  +0.5 | 3/650 | 650
calibrated_4k  |  37.3 |  37.3 |  +0.0 | 8/650 | 650
eps0_8k        |  38.2 |  38.5 |  +0.3 | 3/650 | 650
calibrated_8k  |  38.2 |  38.6 |  +0.5 | 3/650 | 650
eps0_16k       | -     | -     | -     | -     | -  
calibrated_16k | -     | -     | -     | -     | -  

CSV -> benchmarks/results/longbench_paper_20260418/summary.csv
