9168
9172
9174
12230
13148
12612
13578
13580
13580
13580
13578
13580
13578
13580
13580
13578
13580
13578
13580
13578
13580
13580
13580
13578
13580
15576
11586
11584
11588
13178
13178
13180
13180
13182
13182
13182
13182
13182
13184
13184
13184
13182
13186
13186
13186
13184
13188
13188
13188
13188
13186
13186
13188
13186
13190
13192
13192
13192
13192
13194
15190
13192
11230
11230
11224
12604
12608
12608
12606
12608
12610
11042
12284
10904
10904
12048
12048
12050
12048
12050
12048
14046
14044
12048
12048
12080
10818
13026
13026
13028
13026
11488
12856
12858
12860
12860
12860
11518
11516
11518
12782
12780
12782
12780
11522
11524
12356
12358
12358
12358
12360
12482
12452
11178
13172
12960
12780
12780
12782
12782
12780
14778
11176
12416
12416
11186
13974
13972
12028
14248
14246
12230
14204
13364
13364
13364
13366
13366
13366
13148
14268
12282
12282
12280
11196
10738
10978
12156
12156
12312
14072
10986
14108
12332
13700
13252
13252
13252
13252
13028
13028
13094
13060
12222
13996
13962
12178
12144
13666
13668
13220
12580
13650
13650
13648
13648
13648
13648
13872
13648
13650
13650
13650
13650
13650
13648
13648
13648
13650
13650
13650
13648
13648
13648
13650
13648
11650
13350
13352
13350
11378
14022
13798
13590
11804
11824
13600
13216
13514
13514
12904
11306
12640
14640
11288
12952
12952
14950
12952
14950
14948
11458
12798
12800
12800
12800
12800
12802
14798
14798
14798
12802
12802
12804
12802
12802
12802
14802
14804
14808
14808
14808
14808
14810
14810
14810
14808
14808
14808
14810
14810
14810
14810
14808
14808
12812
12812
12812
12812
12812
12810
12810
14810
14810
14810
14810
14808
14808
14808
14810
14810
14810
14810
14810
14810
14810
14808
14808
14810
14810
14810
14810
14808
14808
14808
14810
14810
14810
14808
14808
14808
14810
14812
14812
14812
14812
14810
14810
14810
14812
14812
14812
14810
14810
14810
12814
12814
12814
12812
12812
12812
14812
14812
14812
14810
14810
14810
14812
14812
14812
14812
12814
12814
14812
14812
14812
14812
14810
14810
14810
14812
14812
14812
14810
14810
14810
14812
14812
14812
14810
14810
14810
12812
12812
12814
12814
12814
12812
12812
11298
11300
11300
11302
11302
11302
11302
11302
11302
12196
12196
12196
13718
13718
13718
13716
13716
13716
11496
11498
11498
12168
12168
12168
13718
13718
13718
13716
13716
13716
13720
13720
13720
13720
13720
13718
13718
13718
11724
11724
11724
11938
13640
13640
13640
13640
13638
13638
13192
13192
13192
13192
13190
13190
13190
13192
13192
13190
13190
13190
13192
13192
13192
13190
13190
13190
13192
13192
13192
13192
13190
13190
13192
13192
13192
13192
13190
13190
13190
13192
13192
13190
13190
13190
13192
13192
13192
13190
13190
13190
13192
13192
13192
13192
13190
13190
13192
13192
13192
13192
13190
13190
13192
13192
13192
13192
13190
13190
15188
13192
13192
13192
13190
13190
13190
13192
13192
13192
13190
13190
13190
13192
13192
13192
13192
13190
13190
13192
13192
13192
13192
13190
13190
13190
13190
13190
13192
13190
13190
13192
13192
13192
13192
13190
13190
13190
13192
13192
13192
13190
13190
13192
13190
13190
13190
13192
13192
13192
13192
13190
13190
13190
13190
13190
13190
13190
13190
13192
13192
13192
13190
13190
13190
13192
13192
13192
13192
13190
13190
13192
13190
13190
15150
13190
13190
13192
13192
13192
13192
13190
13190
13190
13190
13192
13190
13190
13192
12198
13720
13720
13720
13718
13718
13718
13270
13270
13270
13272
13272
13272
13272
13272
13272
13272
13272
13270
13270
13270
13272
13272
13272
13270
13270
13270
13270
13270
13272
13270
13270
13270
13270
13270
13270
13272
13272
13272
13272
13270
13270
13270
13270
13272
13272
13272
13270
13272
13270
13270
13272
13272
13272
13272
13270
13270
13270
13270
13272
13272
13272
13272
13270
13270
13270
13270
13270
13272
13272
13272
13272
13270
13272
13272
13272
13270
13272
13272
13272
13272
13272
13272
13270
13270
13272
13272
13272
13272
13272
13272
13272
13272
13270
13270
13272
13272
13272
13272
13270
13270
13270
13270
13270
13270
13272
13272
13272
13272
13270
13270
13270
13272
13272
13272
13270
13270
13270
13272
13272
13272
13270
13270
13270
13272
13270
13270
13272
13272
13272
13272
11294
11294
11304
11304
11304
11304
10102
10104
10104
10106
10108
11616
11616
11616
13164
13164
13164
10108
10534
10536
10538
10862
10862
10862
11808
11810
11812
10790
10790
10790
10246
10248
10250
11774
11774
11774
11772
11772
11772
11694
11694
11694
12248
12248
12248
13876
13876
13876
13876
13874
13874
13876
13876
13876
13876
10164
10166
10166
10162
10278
10278
10734
10734
10734
10736
10226
10226
10226
12272
12272
14032
14032
14032
14032
10288
10288
10288
9898
10558
10558
10558
10556
10556
10166
10166
10168
10648
10648
10648
9970
10536
10536
11226
11226
11226
11226
11224
11224
10084
10084
11760
10824
10228
10228
10228
10226
10658
10660
10660
10060
13712
13712
10684
13070
12116
13838
13838
12198
13628
13406
13406
13406
13184
12964
10334
11068
11902
13214
13216
11402
13716
13716
13714
13714
11832
15256
11800
13744
13744
13744
13742
13742
13742
13742
14210
10654
13490
13492
13490
13490
15194
13312
13238
13238
13236
11474
14794
14796
10776
14546
11152
16236
14014
12274
14016
14018
13570
11376
14016
13568
13344
12898
14018
13794
13792
13568
13570
13122
13184
12896
12964
12966
11054
14240
14238
14240
14238
14016
14014
13792
13790
13792
11796
12242
14018
14016
11392
14062
14060
13838
13836
11200
14286
14284
14062
14060
10740
10284
12298
14284
14282
14060
14058
14060
13700
13698
13476
13474
12804
12802
12716
14712
14420
12424
12422
14378
14376
14344
14344
14342
14344
14342
10378
14168
13702
13254
13252
13030
13028
12488
13906
13904
13906
13904
13906
13906
13904
13906
13904
13906
13904
11908
11906
11932
13904
13902
13904
13902
11908
14130
14128
12132
12130
12132
14130
14130
14130
14130
14128
12146
14142
11906
11930
11930
11918
11926
11930
11920
12050
12040
14248
12162
10148
12958
10364
10200
12222
10428
12214
14038
13590
11390
13490
10720
11448
11448
10492
10312
10810
12280
10412
10410
12028
10376
10896
10052
10854
13082
10508
11486
10708
12320
14286
14286
14286
14286
14286
14286
14286
14286
14286
16284
16284
14286
14286
14286
14306
14058
15902
11010
12246
13960
13960
12112
14266
11530
12796
14792
14792
12590
14348
14348
14348
14378
12774
14772
14772
11360
14446
14446
14446
11034
12984
12250
14204
14204
14204
14204
14204
9168
9172
9174
9456
9174
2
9176
2
2
2
2
2
2
2
2
2
2
2
2
2
2
2
2
2
2
2
2
2
2
2
2
2
2
2
2
9172
9174
9176
2
2
2
2
2
9168
9172
9176
16914
9174
22552
2
2
2
2
2
2
2
2
2
2
2
2
2
2
2
2
2
2
2
2
2
2
2
2
2
2
2
2
2
2
2
2
2
2
2
2
2
2
2
2
2
2
2
2
2
2
2
2
2
2
2
2
2
2
2
2
2
2
2
2
2
2
2
2
2
2
2
2
2
2
2
2
2
2
2
2
2
2
2
2
2
2
2
2
2
2
2
2
2
2
2
2
2
2
2
2
2
2
2
2
2
2
2
2
2
2
2
2
2
2
2
2
2
2
2
2
2
2
2
2
2
2
2
2
2
2
2
2
2
2
2
2
2
2
2
2
2
2
2
2
2
2
2
2
2
2
2
2
2
2
2
2
2
2
2
2
2
2
2
2
2
2
2
2
2
2
2
2
2
2
2
2
2
2
2
2
2
2
2
2
2
2
2
2
2
2
2
2
2
2
2
2
2
2
2
2
2
2
2
2
2
2
2
2
2
2
2
2
2
2
2
2
2
2
2
2
2
2
2
2
2
2
2
2
2
2
2
2
2
2
2
2
2
2
2
2
2
2
2
2
2
2
2
2
2
2
2
2
2
2
2
2
2
2
2
2
2
2
2
2
2
2
2
2
2
2
2
2
2
2
2
2
2
2
2
2
2
2
2
2
2
2
2
2
2
2
2
2
2
2
2
2
2
2
2
2
2
2
2
2
2
2
2
2
2
2
2
2
2
2
2
2
2
2
2
2
2
2
2
2
2
2
2
2
2
2
2
2
2
2
2
2
2
2
2
2
2
2
2
2
2
2
2
2
2
2
2
2
2
2
2
2
2
2
2
2
2
2
2
2
2
2
2
2
2
2
2
2
2
2
2
2
2
2
2
2
2
2
2
2
2
2
2
2
2
2
2
2
2
2
2
2
2
2
2
2
2
2
2
2
2
2
2
2
2
2
2
2
2
2
2
2
2
2
2
2
2
2
2
2
2
2
2
2
2
2
2
2
2
2
2
2
2
2
2
2
2
2
2
2
2
2
2
2
2
2
2
2
2
2
2
2
2
2
2
2
2
2
2
2
2
2
2
2
2
2
2
2
2
2
2
2
2
2
2
2
2
2
2
2
2
2
2
2
2
2
2
2
2
2
2
2
2
2
2
2
2
2
2
2
2
2
2
2
2
2
2
2
2
2
2
2
2
2
2
2
2
2
2
2
2
2
2
2
2
2
2
2
2
2
2
2
2
2
2
2
2
2
2
2
2
2
2
2
2
2
2
2
2
2
2
2
2
2
2
2
2
2
2
2
2
2
2
2
2
2
2
2
2
2
2
2
2
2
2
2
2
2
2
2
2
2
2
2
2
2
2
2
2
2
2
2
2
2
2
2
2
2
2
2
2
2
2
2
2
2
2
2
2
2
2
2
2
2
2
2
2
2
2
2
2
2
2
2
2
2
2
2
2
2
2
2
