9170
9172
9172
9174
12470
11798
11798
11800
11800
11800
11800
11800
11800
11800
11800
12305
11800
11800
11800
11800
11800
11800
11800
11800
11800
11800
11800
11800
11800
11798
11800
11800
11800
11800
11800
11800
11800
11800
11800
10828
10828
11572
11542
11542
11542
11542
11574
11576
10576
11644
11644
11644
11644
11644
11674
12153
11646
11566
11538
11568
11540
11540
11568
11542
11542
11542
11542
11542
11542
11542
11570
11568
11566
11544
11544
11544
11574
11544
11544
11566
11544
10586
10632
10634
11570
11588
11588
11580
11558
11588
11588
11588
11558
11558
11556
11558
11558
11558
11558
11558
11558
11558
11558
11590
11558
11558
11558
11586
11580
10578
11562
11562
10580
11562
11562
11590
11562
11562
11588
11562
11562
11562
11562
11588
11562
11566
11566
11594
11566
11566
11566
11566
11566
11566
11566
12071
11566
11566
11566
11566
11566
11564
11566
11566
11566
10588
10582
11566
10584
10590
11568
11568
11568
11568
11568
11568
11568
11568
11568
11568
11568
11568
11568
11568
11568
11568
11568
11570
11574
11574
11574
11574
11574
11574
11574
12079
11574
11574
11574
11574
11574
11574
11574
11574
11574
11574
11574
11574
11574
11574
11574
11574
11574
11574
11574
11574
11574
11572
11572
11574
11574
11574
11572
11572
11572
11574
11574
11574
11574
11574
11574
11574
11574
11574
11574
12079
11574
11574
11574
11574
11574
11574
11574
11572
11572
11574
11574
11574
11574
11574
11574
11574
11574
11574
11574
11574
11574
11574
11574
11574
11574
11574
11574
11574
11574
11574
11574
11574
11574
11574
11574
11574
11574
11574
11574
11574
11574
11574
11574
11574
11574
11574
11574
11574
11574
11574
11574
11574
11574
11574
11574
11574
11574
11574
11574
11574
11574
11574
11574
11574
11574
11574
11574
11574
11574
11574
11574
11574
11574
11574
11574
11574
11574
11574
11574
11574
11574
11574
11574
11574
11574
11574
11574
11574
11574
11574
11574
11574
11574
11574
11574
11574
11574
11574
11574
11574
11574
11574
11574
11574
11574
11574
11574
11574
11574
11574
11574
11574
11574
11574
11574
11574
11574
11574
11574
11574
11574
11574
11574
11574
11574
11574
11574
11574
11574
11574
11574
11574
11574
11574
11574
11574
11574
11574
11574
11574
11574
11574
11574
11574
11574
11574
11574
11574
11574
11574
11574
11574
11574
11574
11574
11574
11574
11574
11574
11574
11574
11574
11574
11574
11574
11574
11574
11574
11574
11574
11574
11574
11574
11574
11574
11574
11574
11574
11574
11574
11574
11574
11574
11574
11574
11574
11574
11574
11574
11574
11574
11574
11574
11574
11574
11574
11574
11574
11574
11574
11572
11572
11574
11574
11574
11574
11574
11574
11574
11574
11574
11574
11572
11572
11574
11574
11574
11574
11574
11574
11574
11574
11574
11574
11574
11574
11574
11574
11574
11574
11574
11574
11574
11574
11574
11574
11574
11572
11574
11574
11574
11574
11574
11574
11574
11574
11574
11574
11574
11574
11574
11574
11574
11574
11574
11574
11574
11574
11574
11574
11574
11574
11574
11574
11574
11574
11574
11574
11574
11574
11574
11574
11574
11574
11574
11574
11574
11574
11574
11574
11574
11574
11574
11574
11574
11574
11574
11574
11574
11574
11574
11574
11574
11574
11574
11574
11574
11574
11574
11574
11574
11574
11574
11574
11574
11574
11574
11574
11574
11574
11574
11574
11574
11574
11574
11574
11574
11574
11574
10596
10596
10860
10860
10860
10858
10858
10858
11720
11720
11720
11602
11602
11602
11668
11668
11668
11668
11668
11668
11668
10704
10706
10708
10710
10710
10712
10712
10712
10714
10714
10714
10714
10712
10712
10712
10752
10752
10716
10718
10718
10718
10718
10718
11662
11662
11662
11662
11662
11688
11690
11690
11690
10714
10714
10714
10718
10718
10718
11694
11694
11694
9794
11046
11046
11046
10024
11678
11676
11676
11630
11630
11630
10638
10638
10638
11406
11406
11406
11404
11404
10182
10184
10184
10706
10708
10710
9788
9788
11550
11784
11784
11784
10804
10804
10804
10806
10142
10142
10142
10946
10946
10946
11780
11780
11780
10406
11256
11258
10502
11024
11990
11990
10388
10980
12936
11946
11946
10986
11842
11842
11842
11842
11874
11872
11844
11844
11844
11844
11874
10754
11726
11726
11726
11726
11726
11504
11476
11476
11476
11396
11364
11364
11364
11508
11508
11508
11508
11508
11506
11508
11508
11536
11508
11508
11508
10754
11508
11508
11508
11508
11508
11508
11530
11508
11508
11508
11508
11508
11508
11536
11508
11508
11508
11508
11508
11508
10526
11508
11508
11508
11508
11508
11508
11540
11538
10530
10524
11290
11290
11264
11264
11264
11264
11286
11286
11264
11264
11264
11264
11264
12260
11264
11264
11264
11264
11264
11264
11264
11264
11264
11264
11264
11264
11262
11264
11264
11264
11286
11264
11286
11286
11264
11264
11264
11264
11264
11264
11264
11264
11264
11264
11264
11262
11264
11264
11286
11290
11294
11286
11286
11294
10524
11352
12338
10524
10530
10526
11452
10524
10520
10516
11298
10516
10744
11498
11498
10520
10516
10518
11322
10518
11378
11720
10744
10516
10524
11498
11522
10514
10520
10512
10744
11496
11496
11496
11496
11496
11494
11496
11496
11496
11496
11496
11526
11496
11496
11506
11496
11496
11496
11496
11496
11496
11496
11524
11496
11496
11496
11496
11496
11496
11524
11496
11496
11496
11496
11494
11496
11496
11494
9168
9170
9172
9172
9174
13820
13150
12550
14456
14164
14026
14028
14026
14026
14026
14028
13578
13578
13580
13578
13578
13578
13580
13578
13578
13578
11582
11580
11580
13170
13170
13170
13172
13172
13170
13172
13170
13170
13170
13172
13170
13170
13170
13172
13170
13170
11206
11206
11198
12580
12578
12578
11012
12252
10872
12014
12014
12016
14012
14010
12014
12044
12044
12986
12988
12988
11448
12820
11476
11476
11478
12742
12740
12740
11480
12312
12312
12312
11130
12408
12406
11496
12912
12728
14724
14724
11124
12364
11134
12004
13918
11974
14192
14192
14150
11876
13306
13090
10450
12220
14074
10678
11176
12094
10234
14012
13562
12300
12044
13818
13392
13390
13390
12944
12784
10914
12138
13880
12134
12092
13616
13392
12942
12942
12944
12942
12942
12942
12978
12944
12942
12976
12944
12942
12942
12976
12944
12942
13008
12752
12852
12784
12982
12818
12784
12122
13872
13424
14064
13584
12064
13582
12700
10894
14458
14362
13634
11936
15590
13594
13934
13934
13480
13480
13480
11936
11938
11938
11936
13932
13932
13932
11938
11938
11938
11936
11936
13936
13936
13936
13934
13934
13934
13936
13936
13934
13934
13934
13936
13936
13936
13934
13934
13934
13934
13934
13934
13936
13936
13936
13934
13934
13936
13936
13936
13934
13936
13936
13934
13934
13934
13936
13936
13936
13934
13934
13936
13936
13936
13934
13934
13934
13936
13936
13936
13934
13934
13936
13936
13936
13934
13934
13934
11938
11938
11938
11936
11936
13934
13936
13936
13934
13934
13934
13936
13936
13936
13934
11936
13936
13936
13936
13934
13934
13936
13936
13936
13934
13934
13934
13936
13936
13936
13934
13934
11936
11936
11936
11936
11936
11936
11964
11966
11966
11964
11964
11966
11966
11966
11964
11964
13932
13934
13934
13932
13932
13932
11936
11936
11936
11936
11936
13932
13934
13934
13932
13932
13932
13934
13934
13932
13932
13932
11938
11938
11938
11936
13854
13852
13852
13852
13852
13854
13854
13852
13852
11936
11938
11938
11936
11936
13936
13936
13936
13934
13934
13934
13936
13936
13936
13934
13934
13936
13936
13936
13934
13934
11936
11936
11938
11936
11936
11936
13936
13936
13936
13934
13934
13936
13936
13936
13934
13934
13934
13936
13936
13936
13934
13934
13936
13936
13936
13934
13934
13934
13936
13936
13936
13934
13934
13934
13936
13936
13934
13934
13934
13936
13936
13934
13934
13934
13936
13936
13936
13934
13934
11936
11936
11936
11936
11936
11936
13936
13936
13936
13934
13934
13936
13934
13934
13936
13936
13936
13934
13934
13934
13936
13936
13934
13934
13934
11936
11936
11936
11936
11936
13898
13898
13898
13896
13896
13896
13898
13898
13898
13896
13896
13896
13898
13898
13896
13896
13896
13896
13896
13896
13898
13898
13898
13898
13896
13896
13896
11936
11936
13934
13936
13936
11964
13932
13932
13932
13934
13934
13934
13932
13932
13934
13934
13934
13934
13934
13934
13932
13932
13932
13934
13934
13934
13934
13934
13934
13934
13932
13932
13934
13934
13934
13934
13932
13932
13932
13932
13932
13932
13932
13932
13934
13934
13934
13932
13934
13934
13934
13932
13932
13934
13934
13934
13932
13932
13932
13932
13934
13934
13934
13932
13932
13932
13932
13932
13932
13934
13934
13934
13932
13932
13934
13934
13934
13932
13932
13932
13932
13932
13932
13934
13934
13934
11936
11936
11936
13932
13932
13930
13930
13930
13930
13932
13932
13930
13930
13930
13932
13932
13932
13932
13932
13932
13930
13930
13932
13932
13932
13930
13930
13930
13930
13930
13932
13930
13930
13932
13932
13932
10584
10584
10584
10860
10860
10860
10014
10014
11518
11518
11518
13066
13066
13068
10436
10436
10436
10758
10758
11596
11596
11596
10572
10572
10928
10188
10188
11586
11586
11586
11586
11586
11586
11614
11614
11614
10250
10250
10250
12264
12264
14244
14244
14244
14242
14242
12244
12246
12246
14256
10228
10228
10228
10150
10150
10548
10548
10548
10482
10484
12274
12274
12274
14034
14034
14034
10160
10160
10160
10468
10468
10468
10466
10076
10078
10558
10558
10558
14014
10370
10370
10972
10972
10972
10970
10970
10052
10054
10054
10242
10244
10244
10244
10244
10244
10242
10242
10246
12152
13618
10592
12978
13826
13796
12182
13960
13962
13612
13612
14058
10316
11804
13410
13410
13410
13836
13834
13834
11084
13338
13140
13566
13376
13374
13374
13178
13178
13178
10466
13300
13120
12906
12908
12726
14710
12726
11492
14812
12816
14348
14074
14268
14268
14268
14270
14270
12300
14268
11600
14270
14268
14268
14270
14270
14268
14268
14268
14270
11846
14268
14266
14266
14268
