9168
9170
9172
9172
9174
13820
13150
12548
14454
14164
14026
14028
14026
14028
14026
14028
13578
13578
13580
13580
13580
13580
13578
13578
13578
13578
11580
11580
11580
13170
13172
13170
13170
13172
13170
13170
13172
13170
13170
13172
13172
13170
13170
13172
13170
13170
11206
11198
11198
12580
12580
11012
12252
12252
10872
12016
12014
12014
14012
12014
12014
12044
10780
12986
12990
11450
11448
12820
11478
11476
11478
12742
12740
12740
11480
12314
12312
12312
11130
12408
11132
11496
12912
12728
14726
14724
11124
12364
11134
13918
13918
12196
14192
10832
14148
11876
13306
13088
10450
12220
11134
10678
11176
13806
10234
14010
13562
14298
12044
13616
13390
13390
12944
12944
12784
10914
13880
13878
12134
13616
13616
13390
12942
12944
12942
12942
12942
12942
12976
12942
13008
12944
12942
12942
13008
12944
12942
12942
12976
13044
12918
12784
12980
12818
12784
14120
13872
13426
12066
11584
14032
13582
14306
11666
14458
11936
13632
13592
13594
13592
13934
13936
13480
13480
13480
11936
11938
11938
11936
13932
13932
11936
11938
11938
11936
11936
11936
13936
13936
13936
13934
13934
13936
13936
13936
13934
13934
13934
13936
13936
13936
13934
13934
13934
13934
13934
13934
13936
13936
13934
13934
13934
13936
13936
13936
13936
13936
13936
13934
13934
13934
13936
13936
13936
13934
13934
13936
13936
13936
13934
13934
13934
13936
13936
13936
13934
13934
13936
13936
13936
13934
13934
13934
11938
11938
11938
11936
11936
13934
13936
13936
13934
13934
13934
13936
13936
13936
13934
11936
13936
13936
13936
13934
13934
13936
13936
13936
13934
13934
13934
13936
13936
13936
13934
13934
11936
11936
11936
11936
11936
11964
11964
11966
11966
11964
11964
11966
11966
11966
11964
11964
13932
13934
13934
13932
13932
13932
11936
11936
11936
11936
11936
13932
13934
13934
13932
13932
13934
13934
13934
13932
13932
13932
11938
11938
11938
11936
13854
13852
13852
15844
13852
13854
13852
13852
13852
11936
11938
11938
11936
11936
13936
13936
13936
13934
13934
13934
13936
13936
13934
13934
13934
13936
13936
13936
13934
13934
11936
11938
11938
11936
11936
13934
13936
13936
13934
13934
13934
13936
13936
13936
13934
13934
13936
13936
13936
13934
13934
13934
13936
13936
13936
13934
13934
13934
13936
13936
13934
13934
13934
13934
13936
13936
13934
13934
13936
13936
13936
13934
13934
13934
13936
13936
13936
13934
13934
11936
11936
11936
11936
11936
13934
13936
13936
13934
13934
13934
13936
13934
13934
13936
13936
13936
13934
13934
13934
13936
13936
13934
13934
13934
11936
11936
11936
11936
11936
13898
13898
13898
13896
13896
13896
13898
13898
13898
13896
13896
13898
13898
13898
13896
13896
13896
13896
13896
13896
13898
13898
13898
13896
13896
13896
11936
11936
11936
13936
13936
13936
11964
13932
13932
13932
13934
13934
13932
13932
13932
13934
13934
13934
13934
13934
13934
13932
13932
13932
13934
13934
13934
13934
13934
13934
13932
13932
13932
13934
13934
13934
13932
13932
13932
13932
13932
13934
13932
13932
13934
13934
13934
13932
15930
13934
13934
13932
13932
13932
13934
13934
13934
13934
13932
13932
13932
13934
13934
13934
13932
13932
13934
13932
13932
13932
13934
13934
13934
13932
13932
13934
13934
13934
13932
13932
13932
13932
13932
13932
13934
13934
13934
11936
11936
13932
13932
13932
15926
13930
13930
13930
13932
13932
13930
13930
13930
13932
13932
13930
13932
13932
13932
13930
13930
13932
13932
13932
13930
13930
13930
13930
13930
13932
13930
13930
13932
13932
13932
10584
10584
10858
10860
10860
11186
10014
10014
11518
11518
11518
13066
13068
13068
10436
10436
10436
10758
10758
11596
11596
11596
10572
10572
10188
10188
10188
11586
11586
11586
11586
11586
11586
11614
11614
11614
10250
10250
12264
12264
12264
14244
14244
14244
14242
14242
12246
12246
12246
10226
10228
10228
10150
10150
10150
10548
10548
10548
10482
10484
12274
12274
14032
14034
14034
14056
10160
10160
10160
10468
10468
10468
10466
10076
10078
10558
10558
10558
10370
10370
10370
10972
10972
10972
10970
10970
10054
10054
10054
10244
10244
10244
10244
10244
10244
10242
10246
10246
12152
13618
11634
12978
13796
13796
12182
13960
13962
13612
11632
14058
10316
11706
13410
13410
10666
13836
13834
15816
11084
13336
11430
13566
13374
13374
13180
13178
13178
13178
10466
13300
15106
12906
12906
12726
14710
12726
12818
14814
12816
14348
10956
14266
14266
14270
14268
14268
14268
14270
12270
14274
14270
14270
14268
14268
14268
14270
14270
14268
12294
14268
14266
14266
14268
14268
14266
14268
11600
12270
14268
11296
13966
13964
13742
11104
12222
13964
13966
13984
10642
10188
13740
13738
13292
13068
13066
12706
14034
14034
14032
14034
14034
14032
12034
14024
14022
14022
14024
14022
14022
12046
14026
14024
14026
12028
12026
14022
14024
14022
14022
14024
14024
14022
14024
14024
14022
12026
12052
12050
14022
14024
12026
12026
14026
12028
12026
12028
14026
14024
14026
12042
12044
14022
12050
12050
11704
10282
10164
12846
10212
13380
11190
11424
12656
10032
12276
10258
12106
13468
10460
13072
10506
11234
10502
10274
10852
12048
10274
11894
10250
10186
10222
13174
10266
11424
11340
14426
14426
14426
14428
14426
14426
14428
14204
14202
14202
14204
14204
12014
13438
10854
12090
13936
12090
14242
12628
14626
14624
12216
13976
13752
13750
11994
13992
13990
14020
13766
13764
11798
11798
13768
13768
13770
13770
9168
9170
