# Missing configs (not yet complete): ['eps0_4k', 'eps0_8k']


## Per-subtask mean score (dir=ruler_agg_input)

subtask         | ε=0 no-skip 4K dense | cert | Δ | crit | calibrated 4K dense | cert  | Δ      | crit | ε=0 no-skip 8K dense | cert | Δ | crit | calibrated 8K dense | cert  | Δ      | crit
----------------+----------------------+------+---+------+---------------------+-------+--------+------+----------------------+------+---+------+---------------------+-------+--------+-----
niah_single     | -                    | -    | - | -    | 1.000               | 1.000 | +0.000 | 0    | -                    | -    | - | -    | 1.000               | 1.000 | +0.000 | 0   
niah_multikey   | -                    | -    | - | -    | 1.000               | 1.000 | +0.000 | 0    | -                    | -    | - | -    | 1.000               | 1.000 | +0.000 | 0   
niah_multivalue | -                    | -    | - | -    | 1.000               | 1.000 | +0.000 | 0    | -                    | -    | - | -    | 1.000               | 1.000 | +0.000 | 0   
niah_multiquery | -                    | -    | - | -    | 1.000               | 1.000 | +0.000 | 0    | -                    | -    | - | -    | 0.975               | 0.975 | +0.000 | 0   
vt              | -                    | -    | - | -    | 0.938               | 0.887 | -0.050 | 3    | -                    | -    | - | -    | 0.925               | 0.900 | -0.025 | 2   
cwe             | -                    | -    | - | -    | 1.000               | 1.000 | +0.000 | 0    | -                    | -    | - | -    | 0.905               | 0.975 | +0.070 | 0   
fwe             | -                    | -    | - | -    | 0.817               | 0.833 | +0.017 | 0    | -                    | -    | - | -    | 0.650               | 0.650 | +0.000 | 0   

## 95% CIs — calibrated 4K (n per subtask)

subtask         | n  | dense% | dense CI      | cert% | cert CI       | Δ (c-d) | Δ CI          | b(d>c) | c(c>d)
----------------+----+--------+---------------+-------+---------------+---------+---------------+--------+-------
niah_single     | 20 | 100.0  | [83.9, 100.0] | 100.0 | [83.9, 100.0] | +0.0    | [+0.0, +0.0]  | 0      | 0     
niah_multikey   | 20 | 100.0  | [83.9, 100.0] | 100.0 | [83.9, 100.0] | +0.0    | [+0.0, +0.0]  | 0      | 0     
niah_multivalue | 20 | 100.0  | [83.9, 100.0] | 100.0 | [83.9, 100.0] | +0.0    | [+0.0, +0.0]  | 0      | 0     
niah_multiquery | 20 | 100.0  | [83.9, 100.0] | 100.0 | [83.9, 100.0] | +0.0    | [+0.0, +0.0]  | 0      | 0     
vt              | 20 | 85.0   | [64.0, 94.8]  | 75.0  | [53.1, 88.8]  | -10.0   | [-29.1, +9.1] | 3      | 1     
cwe             | 20 | 100.0  | [83.9, 100.0] | 100.0 | [83.9, 100.0] | +0.0    | [+0.0, +0.0]  | 0      | 0     
fwe             | 20 | 45.0   | [25.8, 65.8]  | 50.0  | [29.9, 70.1]  | +5.0    | [-4.6, +14.6] | 0      | 1     

## 95% CIs — calibrated 8K (n per subtask)

subtask         | n  | dense% | dense CI      | cert% | cert CI       | Δ (c-d) | Δ CI          | b(d>c) | c(c>d)
----------------+----+--------+---------------+-------+---------------+---------+---------------+--------+-------
niah_single     | 20 | 100.0  | [83.9, 100.0] | 100.0 | [83.9, 100.0] | +0.0    | [+0.0, +0.0]  | 0      | 0     
niah_multikey   | 20 | 100.0  | [83.9, 100.0] | 100.0 | [83.9, 100.0] | +0.0    | [+0.0, +0.0]  | 0      | 0     
niah_multivalue | 20 | 100.0  | [83.9, 100.0] | 100.0 | [83.9, 100.0] | +0.0    | [+0.0, +0.0]  | 0      | 0     
niah_multiquery | 20 | 95.0   | [76.4, 99.1]  | 95.0  | [76.4, 99.1]  | +0.0    | [+0.0, +0.0]  | 0      | 0     
vt              | 20 | 75.0   | [53.1, 88.8]  | 65.0  | [43.3, 81.9]  | -10.0   | [-23.1, +3.1] | 2      | 0     
cwe             | 20 | 90.0   | [69.9, 97.2]  | 95.0  | [76.4, 99.1]  | +5.0    | [-4.6, +14.6] | 0      | 1     
fwe             | 20 | 20.0   | [8.1, 41.6]   | 20.0  | [8.1, 41.6]   | +0.0    | [+0.0, +0.0]  | 0      | 0     

## Overall (all subtasks pooled, with paired 95% CI)

config        | dense_mean | cert_mean | Δ_mean | crit  | Δ pass% (c-d) | paired 95% CI  | n  
--------------+------------+-----------+--------+-------+---------------+----------------+----
eps0_4k       | -          | -         | -      | -     | -             | -              | -  
calibrated_4k | 0.965      | 0.960     | -0.005 | 3/140 | -0.71         | [-3.84, +2.41] | 140
eps0_8k       | -          | -         | -      | -     | -             | -              | -  
calibrated_8k | 0.922      | 0.929     | +0.006 | 2/140 | -0.71         | [-3.14, +1.71] | 140

CSV -> /workspace/DotCache/benchmarks/results/overnight_20260423/ruler_summary.csv
