
=== 2026-04-23T05:27:40Z :: PG-19 rerun start ===

=== 2026-04-23T05:27:40Z :: PG-19 ctx=8192 (20 chunks, 4h budget) ===

=== 2026-04-23T07:48:14Z :: PG-19 ctx=8192 exit=0 ===
  Certified [5/20]: chunk_ppl=6.45, suffix_ppl=5.38, running_ppl=6.65, int8_tail=0.551 (overall 0.553)
  Certified [10/20]: chunk_ppl=17.98, suffix_ppl=17.10, running_ppl=10.06, int8_tail=0.515 (overall 0.541)
  Certified [15/20]: chunk_ppl=15.71, suffix_ppl=14.28, running_ppl=11.83, int8_tail=0.512 (overall 0.534)
  Certified [20/20]: chunk_ppl=10.73, suffix_ppl=9.19, running_ppl=11.39, int8_tail=0.516 (overall 0.534)
Certified: ppl=11.39 (163800 tokens, 8386.1s)
  bits/token (full): 3.5098 (95% CI [3.2548, 3.7637])
  bits/token (certified suffix only): 3.4425 (95% CI [3.1871, 3.6943])

==================================================
Summary
==================================================
Context: 8192 tokens, 20 chunks
Dense perplexity:     11.3921
Certified perplexity: 11.3907
Ratio (cert/dense):   0.999877
Delta:                -0.0014
INT8-tail rate:       0.5337 (17209555896/32243712000 blocks served from cheap INT8-key path; every block attended)
Concentration thr:    0.0

JSON -> /workspace/DotCache/benchmarks/results/pg19_rerun_20260423/pg19_ctx8192.json

=== 2026-04-23T07:48:14Z :: PG-19 ctx=16384 (20 chunks, 8h budget) ===

=== 2026-04-23T12:23:00Z :: PG-19 ctx=16384 exit=0 ===
  Certified [5/20]: chunk_ppl=17.40, suffix_ppl=16.36, running_ppl=9.73, int8_tail=0.727 (overall 0.735)
  Certified [10/20]: chunk_ppl=10.58, suffix_ppl=10.45, running_ppl=10.79, int8_tail=0.741 (overall 0.734)
  Certified [15/20]: chunk_ppl=15.21, suffix_ppl=14.45, running_ppl=11.88, int8_tail=0.736 (overall 0.734)
  Certified [20/20]: chunk_ppl=7.45, suffix_ppl=6.83, running_ppl=10.73, int8_tail=0.734 (overall 0.732)
Certified: ppl=10.73 (327640 tokens, 16386.7s)
  bits/token (full): 3.4239 (95% CI [3.2020, 3.6498])
  bits/token (certified suffix only): 3.3874 (95% CI [3.1664, 3.6143])

==================================================
Summary
==================================================
Context: 16384 tokens, 20 chunks
Dense perplexity:     10.7306
Certified perplexity: 10.7323
Ratio (cert/dense):   1.000158
Delta:                +0.0017
INT8-tail rate:       0.7322 (94387046061/128911933440 blocks served from cheap INT8-key path; every block attended)
Concentration thr:    0.0

JSON -> /workspace/DotCache/benchmarks/results/pg19_rerun_20260423/pg19_ctx16384.json

=== 2026-04-23T12:23:00Z :: PG-19 rerun done (8K exit=0, 16K exit=0) ===
Results in /workspace/DotCache/benchmarks/results/pg19_rerun_20260423
