
=== 2026-04-23T12:23:19Z :: PG-19 ctx=32768 rerun start (20 chunks, 12h budget) ===

=== 2026-04-23T22:23:53Z :: PG-19 ctx=32768 exit=0 ===
  Certified [5/20]: chunk_ppl=10.78, suffix_ppl=10.96, running_ppl=11.04, int8_tail=0.858 (overall 0.858)
  Certified [10/20]: chunk_ppl=7.02, suffix_ppl=6.92, running_ppl=10.34, int8_tail=0.858 (overall 0.858)
  Certified [15/20]: chunk_ppl=9.32, suffix_ppl=9.06, running_ppl=9.88, int8_tail=0.867 (overall 0.859)
  Certified [20/20]: chunk_ppl=9.14, suffix_ppl=8.78, running_ppl=9.57, int8_tail=0.854 (overall 0.859)
Certified: ppl=9.57 (655320 tokens, 35892.1s)
  bits/token (full): 3.2584 (95% CI [3.0913, 3.4349])
  bits/token (certified suffix only): 3.2214 (95% CI [3.0532, 3.3952])

==================================================
Summary
==================================================
Context: 32768 tokens, 20 chunks
Dense perplexity:     9.5712
Certified perplexity: 9.5695
Ratio (cert/dense):   0.999825
Delta:                -0.0017
INT8-tail rate:       0.8593 (442996045454/515521904640 blocks served from cheap INT8-key path; every block attended)
Concentration thr:    0.0

JSON -> /workspace/DotCache/benchmarks/results/pg19_rerun_20260423/pg19_ctx32768.json

=== 2026-04-23T22:23:53Z :: PG-19 32K rerun done (exit=0) ===
Results in /workspace/DotCache/benchmarks/results/pg19_rerun_20260423
